./mvnw : WARNING: A terminally 
deprecated method in 
sun.misc.Unsafe has been called
At line:1 char:1
+ ./mvnw compile 2>&1 > 
compile_output.txt; type 
compile_output.txt | S ...
+ ~~~~~~~~~~~~~~~~~~~~~~~~~~~~~~~~~~
~~~~~~
    + CategoryInfo          : NotSp 
   ecified: (WARNING: A term...has  
   been called:String) [], Remote   
 Exception
    + FullyQualifiedErrorId : Nativ 
   eCommandError
 
WARNING: 
sun.misc.Unsafe::staticFieldBase 
has been called by com.google.inject
.internal.aop.HiddenClassDefiner (fi
le:/C:/Users/Abhi-Akhi/.m2/wrapper/d
ists/apache-maven-3.9.11/03d7e36a140
982eea48e22c1dcac01d8862b2550b2939e0
9a0809bbc5182a5bc/lib/guice-5.1.0-cl
asses.jar)
WARNING: Please consider reporting 
this to the maintainers of class com
.google.inject.internal.aop.HiddenCl
assDefiner
WARNING: 
sun.misc.Unsafe::staticFieldBase 
will be removed in a future release
[INFO] Scanning for projects...
[INFO] 
[INFO] ----------------------< com.abhi:FitnessTracker >-----------------------
[INFO] Building FitnessTracker 0.0.1-SNAPSHOT
[INFO]   from pom.xml
[INFO] --------------------------------[ jar ]---------------------------------
[INFO] 
[INFO] --- resources:3.3.1:resources (default-resources) @ FitnessTracker ---
[INFO] Copying 1 resource from src\main\resources to target\classes
[INFO] Copying 0 resource from src\main\resources to target\classes
[INFO] 
[INFO] --- compiler:3.14.1:compile (default-compile) @ FitnessTracker ---
[INFO] Recompiling the module because of changed source code.
[INFO] Compiling 29 source files with javac [debug parameters release 17] to target\classes
[INFO] -------------------------------------------------------------
[ERROR] COMPILATION ERROR : 
[INFO] -------------------------------------------------------------
[ERROR] /D:/Abhi/Projects/fitness-tracker/fitness-app-API/src/main/java/com/abhi/FitnessTracker/Repository/WorkoutRepository.java:[3,37] cannot find symbol
  symbol:   class Workout
  location: package com.abhi.FitnessTracker.Model
[ERROR] /D:/Abhi/Projects/fitness-tracker/fitness-app-API/src/main/java/com/abhi/FitnessTracker/Repository/WorkoutRepository.java:[9,60] cannot find symbol
  symbol: class Workout
[ERROR] /D:/Abhi/Projects/fitness-tracker/fitness-app-API/src/main/java/com/abhi/FitnessTracker/Repository/WorkoutRepository.java:[10,10] cannot find symbol
  symbol:   class Workout
  location: interface com.abhi.FitnessTracker.Repository.WorkoutRepository
[ERROR] /D:/Abhi/Projects/fitness-tracker/fitness-app-API/src/main/java/com/abhi/FitnessTracker/Repository/WorkoutRepository.java:[11,10] cannot find symbol
  symbol:   class Workout
  location: interface com.abhi.FitnessTracker.Repository.WorkoutRepository
[INFO] 4 errors 
[INFO] -------------------------------------------------------------
[INFO] ------------------------------------------------------------------------
[INFO] BUILD FAILURE
[INFO] ------------------------------------------------------------------------
[INFO] Total time:  8.619 s
[INFO] Finished at: 2025-12-10T07:21:00+05:30
[INFO] ------------------------------------------------------------------------
[ERROR] Failed to execute goal org.apache.maven.plugins:maven-compiler-plugin:3.14.1:compile (default-compile) on project FitnessTracker: Compilation failure: Compilation failure: 
[ERROR] /D:/Abhi/Projects/fitness-tracker/fitness-app-API/src/main/java/com/abhi/FitnessTracker/Repository/WorkoutRepository.java:[3,37] cannot find symbol
[ERROR]   symbol:   class Workout
[ERROR]   location: package com.abhi.FitnessTracker.Model
[ERROR] /D:/Abhi/Projects/fitness-tracker/fitness-app-API/src/main/java/com/abhi/FitnessTracker/Repository/WorkoutRepository.java:[9,60] cannot find symbol
[ERROR]   symbol: class Workout
[ERROR] /D:/Abhi/Projects/fitness-tracker/fitness-app-API/src/main/java/com/abhi/FitnessTracker/Repository/WorkoutRepository.java:[10,10] cannot find symbol
[ERROR]   symbol:   class Workout
[ERROR]   location: interface com.abhi.FitnessTracker.Repository.WorkoutRepository
[ERROR] /D:/Abhi/Projects/fitness-tracker/fitness-app-API/src/main/java/com/abhi/FitnessTracker/Repository/WorkoutRepository.java:[11,10] cannot find symbol
[ERROR]   symbol:   class Workout
[ERROR]   location: interface com.abhi.FitnessTracker.Repository.WorkoutRepository
[ERROR] -> [Help 1]
[ERROR] 
[ERROR] To see the full stack trace of the errors, re-run Maven with the -e switch.
[ERROR] Re-run Maven using the -X switch to enable full debug logging.
[ERROR] 
[ERROR] For more information about the errors and possible solutions, please read the following articles:
[ERROR] [Help 1] http://cwiki.apache.org/confluence/display/MAVEN/MojoFailureException
